[    5339ms] [INFO] %cDownload the React DevTools for a better development experience: https://react.dev/link/react-devtools font-weight:bold @ webpack-internal:///(app-pages-browser)/./node_modules/.pnpm/next@15.5.22_react-dom@19.1.2_react@19.1.2__react@19.1.2/node_modules/next/dist/compiled/react-dom/cjs/react-dom-client.development.js:25630
[    6961ms] [WARNING] Lit is in dev mode. Not recommended for production! See https://lit.dev/msg/dev-mode for more information. @ webpack-internal:///(app-pages-browser)/./node_modules/.pnpm/@lit+reactive-element@2.1.2/node_modules/@lit/reactive-element/development/reactive-element.js:62
[    6964ms] [LOG] [$updateSource] called! 
src: /models/hero-burger.glb
extraUrls: 
loaded: false @ webpack-internal:///(app-pages-browser)/./node_modules/.pnpm/@google+model-viewer@4.3.1_three@0.183.2/node_modules/@google/model-viewer/lib/model-viewer-base.js:562
[    6972ms] [LOG] [$updateSource] called! 
src: /models/hero-burger.glb
extraUrls: 
loaded: false @ webpack-internal:///(app-pages-browser)/./node_modules/.pnpm/@google+model-viewer@4.3.1_three@0.183.2/node_modules/@google/model-viewer/lib/model-viewer-base.js:562
[    6972ms] [LOG] [$updateSource] BAILING OUT EARLY! @ webpack-internal:///(app-pages-browser)/./node_modules/.pnpm/@google+model-viewer@4.3.1_three@0.183.2/node_modules/@google/model-viewer/lib/model-viewer-base.js:565
[    6973ms] [WARNING] Element model-viewer scheduled an update (generally because a property was set) after an update completed, causing a new update to be scheduled. This is inefficient and should be avoided unless the next update can only be scheduled as a side effect of the previous update. See https://lit.dev/msg/change-in-update for more information. @ webpack-internal:///(app-pages-browser)/./node_modules/.pnpm/@lit+reactive-element@2.1.2/node_modules/@lit/reactive-element/development/reactive-element.js:62
[    7390ms] [LOG] IntersectionObserver fired! isIntersecting: true @ webpack-internal:///(app-pages-browser)/./node_modules/.pnpm/@google+model-viewer@4.3.1_three@0.183.2/node_modules/@google/model-viewer/lib/model-viewer-base.js:303
[    7390ms] [LOG] [$updateSource] called! 
src: /models/hero-burger.glb
extraUrls: 
loaded: false @ webpack-internal:///(app-pages-browser)/./node_modules/.pnpm/@google+model-viewer@4.3.1_three@0.183.2/node_modules/@google/model-viewer/lib/model-viewer-base.js:562
[    7390ms] [LOG] [$updateSource] BAILING OUT EARLY! @ webpack-internal:///(app-pages-browser)/./node_modules/.pnpm/@google+model-viewer@4.3.1_three@0.183.2/node_modules/@google/model-viewer/lib/model-viewer-base.js:565
[  162724ms] [INFO] %cDownload the React DevTools for a better development experience: https://react.dev/link/react-devtools font-weight:bold @ webpack-internal:///(app-pages-browser)/./node_modules/.pnpm/next@15.5.22_react-dom@19.1.2_react@19.1.2__react@19.1.2/node_modules/next/dist/compiled/react-dom/cjs/react-dom-client.development.js:25630
[  163960ms] [WARNING] Lit is in dev mode. Not recommended for production! See https://lit.dev/msg/dev-mode for more information. @ webpack-internal:///(app-pages-browser)/./node_modules/.pnpm/@lit+reactive-element@2.1.2/node_modules/@lit/reactive-element/development/reactive-element.js:62
[  163961ms] [LOG] [$updateSource] called! 
src: /models/hero-burger.glb
extraUrls: 
loaded: false @ webpack-internal:///(app-pages-browser)/./node_modules/.pnpm/@google+model-viewer@4.3.1_three@0.183.2/node_modules/@google/model-viewer/lib/model-viewer-base.js:562
[  163963ms] [LOG] [$updateSource] called! 
src: /models/hero-burger.glb
extraUrls: 
loaded: false @ webpack-internal:///(app-pages-browser)/./node_modules/.pnpm/@google+model-viewer@4.3.1_three@0.183.2/node_modules/@google/model-viewer/lib/model-viewer-base.js:562
[  163964ms] [LOG] [$updateSource] BAILING OUT EARLY! @ webpack-internal:///(app-pages-browser)/./node_modules/.pnpm/@google+model-viewer@4.3.1_three@0.183.2/node_modules/@google/model-viewer/lib/model-viewer-base.js:565
[  163965ms] [WARNING] Element model-viewer scheduled an update (generally because a property was set) after an update completed, causing a new update to be scheduled. This is inefficient and should be avoided unless the next update can only be scheduled as a side effect of the previous update. See https://lit.dev/msg/change-in-update for more information. @ webpack-internal:///(app-pages-browser)/./node_modules/.pnpm/@lit+reactive-element@2.1.2/node_modules/@lit/reactive-element/development/reactive-element.js:62
[  164106ms] [LOG] IntersectionObserver fired! isIntersecting: true @ webpack-internal:///(app-pages-browser)/./node_modules/.pnpm/@google+model-viewer@4.3.1_three@0.183.2/node_modules/@google/model-viewer/lib/model-viewer-base.js:303
[  164106ms] [LOG] [$updateSource] called! 
src: /models/hero-burger.glb
extraUrls: 
loaded: false @ webpack-internal:///(app-pages-browser)/./node_modules/.pnpm/@google+model-viewer@4.3.1_three@0.183.2/node_modules/@google/model-viewer/lib/model-viewer-base.js:562
[  164106ms] [LOG] [$updateSource] BAILING OUT EARLY! @ webpack-internal:///(app-pages-browser)/./node_modules/.pnpm/@google+model-viewer@4.3.1_three@0.183.2/node_modules/@google/model-viewer/lib/model-viewer-base.js:565
[  211721ms] [LOG] [Fast Refresh] rebuilding @ webpack-internal:///(app-pages-browser)/./node_modules/.pnpm/next@15.5.22_react-dom@19.1.2_react@19.1.2__react@19.1.2/node_modules/next/dist/client/dev/hot-reloader/app/hot-reloader-app.js:196
[  213133ms] [LOG] [Fast Refresh] done in 1412ms @ webpack-internal:///(app-pages-browser)/./node_modules/.pnpm/next@15.5.22_react-dom@19.1.2_react@19.1.2__react@19.1.2/node_modules/next/dist/client/dev/report-hmr-latency.js:13
[  232953ms] [INFO] %cDownload the React DevTools for a better development experience: https://react.dev/link/react-devtools font-weight:bold @ webpack-internal:///(app-pages-browser)/./node_modules/.pnpm/next@15.5.22_react-dom@19.1.2_react@19.1.2__react@19.1.2/node_modules/next/dist/compiled/react-dom/cjs/react-dom-client.development.js:25630
[  234229ms] [WARNING] Lit is in dev mode. Not recommended for production! See https://lit.dev/msg/dev-mode for more information. @ webpack-internal:///(app-pages-browser)/./node_modules/.pnpm/@lit+reactive-element@2.1.2/node_modules/@lit/reactive-element/development/reactive-element.js:62
[  234231ms] [LOG] [$updateSource] called! 
src: /models/hero-burger.glb
extraUrls: 
loaded: false @ webpack-internal:///(app-pages-browser)/./node_modules/.pnpm/@google+model-viewer@4.3.1_three@0.183.2/node_modules/@google/model-viewer/lib/model-viewer-base.js:562
[  234233ms] [LOG] [$updateSource] called! 
src: /models/hero-burger.glb
extraUrls: 
loaded: false @ webpack-internal:///(app-pages-browser)/./node_modules/.pnpm/@google+model-viewer@4.3.1_three@0.183.2/node_modules/@google/model-viewer/lib/model-viewer-base.js:562
[  234233ms] [LOG] [$updateSource] BAILING OUT EARLY! @ webpack-internal:///(app-pages-browser)/./node_modules/.pnpm/@google+model-viewer@4.3.1_three@0.183.2/node_modules/@google/model-viewer/lib/model-viewer-base.js:565
[  234234ms] [WARNING] Element model-viewer scheduled an update (generally because a property was set) after an update completed, causing a new update to be scheduled. This is inefficient and should be avoided unless the next update can only be scheduled as a side effect of the previous update. See https://lit.dev/msg/change-in-update for more information. @ webpack-internal:///(app-pages-browser)/./node_modules/.pnpm/@lit+reactive-element@2.1.2/node_modules/@lit/reactive-element/development/reactive-element.js:62
[  234387ms] [LOG] IntersectionObserver fired! isIntersecting: true @ webpack-internal:///(app-pages-browser)/./node_modules/.pnpm/@google+model-viewer@4.3.1_three@0.183.2/node_modules/@google/model-viewer/lib/model-viewer-base.js:303
[  234388ms] [LOG] [$updateSource] called! 
src: /models/hero-burger.glb
extraUrls: 
loaded: false @ webpack-internal:///(app-pages-browser)/./node_modules/.pnpm/@google+model-viewer@4.3.1_three@0.183.2/node_modules/@google/model-viewer/lib/model-viewer-base.js:562
[  234388ms] [LOG] [$updateSource] BAILING OUT EARLY! @ webpack-internal:///(app-pages-browser)/./node_modules/.pnpm/@google+model-viewer@4.3.1_three@0.183.2/node_modules/@google/model-viewer/lib/model-viewer-base.js:565
[  303456ms] [INFO] %cDownload the React DevTools for a better development experience: https://react.dev/link/react-devtools font-weight:bold @ webpack-internal:///(app-pages-browser)/./node_modules/.pnpm/next@15.5.22_react-dom@19.1.2_react@19.1.2__react@19.1.2/node_modules/next/dist/compiled/react-dom/cjs/react-dom-client.development.js:25630
[  304732ms] [WARNING] Lit is in dev mode. Not recommended for production! See https://lit.dev/msg/dev-mode for more information. @ webpack-internal:///(app-pages-browser)/./node_modules/.pnpm/@lit+reactive-element@2.1.2/node_modules/@lit/reactive-element/development/reactive-element.js:62
[  304733ms] [LOG] [$updateSource] called! 
src: /models/hero-burger.glb
extraUrls: 
loaded: false @ webpack-internal:///(app-pages-browser)/./node_modules/.pnpm/@google+model-viewer@4.3.1_three@0.183.2/node_modules/@google/model-viewer/lib/model-viewer-base.js:562
[  304735ms] [LOG] [$updateSource] called! 
src: /models/hero-burger.glb
extraUrls: 
loaded: false @ webpack-internal:///(app-pages-browser)/./node_modules/.pnpm/@google+model-viewer@4.3.1_three@0.183.2/node_modules/@google/model-viewer/lib/model-viewer-base.js:562
[  304735ms] [LOG] [$updateSource] BAILING OUT EARLY! @ webpack-internal:///(app-pages-browser)/./node_modules/.pnpm/@google+model-viewer@4.3.1_three@0.183.2/node_modules/@google/model-viewer/lib/model-viewer-base.js:565
[  304736ms] [WARNING] Element model-viewer scheduled an update (generally because a property was set) after an update completed, causing a new update to be scheduled. This is inefficient and should be avoided unless the next update can only be scheduled as a side effect of the previous update. See https://lit.dev/msg/change-in-update for more information. @ webpack-internal:///(app-pages-browser)/./node_modules/.pnpm/@lit+reactive-element@2.1.2/node_modules/@lit/reactive-element/development/reactive-element.js:62
[  304889ms] [LOG] IntersectionObserver fired! isIntersecting: true @ webpack-internal:///(app-pages-browser)/./node_modules/.pnpm/@google+model-viewer@4.3.1_three@0.183.2/node_modules/@google/model-viewer/lib/model-viewer-base.js:303
[  304889ms] [LOG] [$updateSource] called! 
src: /models/hero-burger.glb
extraUrls: 
loaded: false @ webpack-internal:///(app-pages-browser)/./node_modules/.pnpm/@google+model-viewer@4.3.1_three@0.183.2/node_modules/@google/model-viewer/lib/model-viewer-base.js:562
[  304889ms] [LOG] [$updateSource] BAILING OUT EARLY! @ webpack-internal:///(app-pages-browser)/./node_modules/.pnpm/@google+model-viewer@4.3.1_three@0.183.2/node_modules/@google/model-viewer/lib/model-viewer-base.js:565
